[0;92mWails CLI[0m [0;31mv2.15.0[0m

[0;92mExecuting: go mod tidy[0m
  [90m[90m•[0m[0m [39m[39mGenerating bindings: [0m[0mDone.
  [90m[90m•[0m[0m [39m[39mInstalling frontend dependencies: [0m[0mDone.
  [90m[90m•[0m[0m [39m[39mCompiling frontend: [0m[0mDone.

> frontend@0.0.0 dev
> vite

(!) Your Vite config uses features that are unsupported by `configLoader: 'native'`, which is planned to become the default in a future major version of Vite:
  - `__dirname` (vite.config.ts:16:27). Use `import.meta.dirname` instead
Set `VITE_CONFIG_NATIVE_IGNORE_WARNING=true` to suppress this warning.
2:12:47 PM [vite] (client) Re-optimizing dependencies because vite config has changed
2:12:47 PM [vite] (ssr) Re-optimizing dependencies because vite config has changed
Port 5173 is in use, trying another one...

  VITE v8.3.0  ready in 640 ms

[0;92mVite Server URL: http://localhost:5174/[0m
  ➜  Local:   http://localhost:5174/
  ➜  Network: use --host to expose
[0;92mRunning frontend DevWatcher command: 'npm run dev'[0m
Building application for development...
  [90m[90m•[0m[0m [39m[39mGenerating bindings: [0m[0mDone.
  [90m[90m•[0m[0m [39m[39mCompiling application: [0m[0m# stockroom/desktop-app
ld: warning: object file (/private/var/folders/s4/pwrsjxy97wjg_lr8bkqkqmyw0000gp/T/go-link-3851331442/go.o) was built for newer 'macOS' version (13.0) than being linked (11.0)
Done.
  [90m[90m•[0m[0m [39m[39mPackaging application: [0m[0mDone.
  [90m[90m•[0m[0m [39m[39mSelf-signing application: [0m[0mDone.
[30;43m[30;43m WARNING [0m[0m [33m[33mThis darwin build contains the use of private APIs. This will not pass Apple's AppStore approval process. Please use it only as a test build for testing and debug purposes.[0m[0m

[0;92mUsing DevServer URL: http://localhost:34115[0m
[0;92mUsing Frontend DevServer URL: http://localhost:5174/[0m
[0;92mUsing reload debounce setting of 100 milliseconds[0m
[0;92mWatching (sub)/directory: /Users/kathirdev/Documents/GitHub/CS3/Stockroom/desktop-app[0m
INF | Serving assets from frontend DevServer URL: http://localhost:5174/
2:12:53 PM [vite-plugin-svelte] /Users/kathirdev/Documents/GitHub/CS3/Stockroom/packages/ui/src/lib/components/app/category-tree.svelte:45:23 This reference only captures the initial value of `openPath`. Did you mean to reference it inside a derived instead?
https://svelte.dev/e/state_referenced_locally
[0;92m

To develop in the browser and call your bound Go methods from Javascript, navigate to: http://localhost:34115[0m
2:12:55 PM [vite] (client) [optimizer] bundling dependencies...
2:12:55 PM [vite] (client) dependencies optimized: @internationalized/date, @lucide/svelte/icons/arrow-down-to-line, @lucide/svelte/icons/arrow-down, @lucide/svelte/icons/arrow-left, @lucide/svelte/icons/arrow-right, @lucide/svelte/icons/arrow-up-from-line, @lucide/svelte/icons/arrow-up, @lucide/svelte/icons/boxes, @lucide/svelte/icons/calendar, @lucide/svelte/icons/check, @lucide/svelte/icons/chevron-down, @lucide/svelte/icons/chevron-left, @lucide/svelte/icons/chevron-right, @lucide/svelte/icons/chevron-up, @lucide/svelte/icons/circle-check, @lucide/svelte/icons/circle-slash, @lucide/svelte/icons/database-backup, @lucide/svelte/icons/eye-off, @lucide/svelte/icons/eye, @lucide/svelte/icons/folder-tree, @lucide/svelte/icons/history, @lucide/svelte/icons/image-off, @lucide/svelte/icons/image, @lucide/svelte/icons/info, @lucide/svelte/icons/key-round, @lucide/svelte/icons/loader-2, @lucide/svelte/icons/loader-circle, @lucide/svelte/icons/log-out, @lucide/svelte/icons/menu, @lucide/svelte/icons/minus, @lucide/svelte/icons/octagon-x, @lucide/svelte/icons/pencil, @lucide/svelte/icons/plus, @lucide/svelte/icons/refresh-cw, @lucide/svelte/icons/scan-barcode, @lucide/svelte/icons/scan-line, @lucide/svelte/icons/search, @lucide/svelte/icons/trash-2, @lucide/svelte/icons/triangle-alert, @lucide/svelte/icons/undo-2, @lucide/svelte/icons/upload, @lucide/svelte/icons/users, @lucide/svelte/icons/x, bits-ui, mode-watcher, svelte-sonner, tailwind-merge, tailwind-variants
2:12:55 PM [vite] (client) optimized dependencies changed. reloading
[0;92mDevelopment mode exited[0m
[31;107m[31;107m ♥  [0m[0m [92m[92mIf Wails is useful to you or your company, please consider sponsoring the project:[0m[0m
https://github.com/sponsors/leaanthony
